[debug] [2025-08-26T00:12:37.191Z] ----------------------------------------------------------------------
[debug] [2025-08-26T00:12:37.193Z] Command:       /usr/local/share/nvm/versions/node/v22.17.0/bin/node /home/codespace/nvm/current/bin/firebase init
[debug] [2025-08-26T00:12:37.194Z] CLI Version:   14.14.0
[debug] [2025-08-26T00:12:37.194Z] Platform:      linux
[debug] [2025-08-26T00:12:37.194Z] Node Version:  v22.17.0
[debug] [2025-08-26T00:12:37.194Z] Time:          Tue Aug 26 2025 00:12:37 GMT+0000 (Coordinated Universal Time)
[debug] [2025-08-26T00:12:37.194Z] Env Overrides: GITHUB_API_URL, GITHUB_API_URL
[debug] [2025-08-26T00:12:37.194Z] ----------------------------------------------------------------------
[debug] 
[debug] [2025-08-26T00:12:37.198Z] > command requires scopes: ["email","openid","https://www.googleapis.com/auth/cloudplatformprojects.readonly","https://www.googleapis.com/auth/firebase","https://www.googleapis.com/auth/cloud-platform"]
[debug] [2025-08-26T00:12:37.198Z] > authorizing via signed-in user (akpsi.uiuc.rush@gmail.com)
[info] 
     ######## #### ########  ######## ########     ###     ######  ########
     ##        ##  ##     ## ##       ##     ##  ##   ##  ##       ##
     ######    ##  ########  ######   ########  #########  ######  ######
     ##        ##  ##    ##  ##       ##     ## ##     ##       ## ##
     ##       #### ##     ## ######## ########  ##     ##  ######  ########

You're about to initialize a Firebase project in this directory:

  /workspaces/candidate-search

Before we get started, keep in mind:

  * You are currently outside your home directory

